\BOOKMARK [0][-]{chapter*.1}{\376\377\000P\000r\000e\000f\000a\000z\000i\000o\000n\000e}{}% 1
\BOOKMARK [-1][-]{part.1}{\376\377\000I\000\040\000L\000a\000\040\000d\000o\000m\000a\000n\000d\000a}{}% 2
\BOOKMARK [0][-]{chapter.1}{\376\377\000Q\000u\000a\000n\000d\000o\000\040\000l\000a\000\040\000r\000o\000c\000c\000i\000a\000\040\000t\000a\000c\000e}{part.1}% 3
\BOOKMARK [0][-]{chapter.2}{\376\377\000I\000l\000\040\000t\000e\000r\000r\000i\000t\000o\000r\000i\000o\000\040\000e\000\040\000l\000e\000\040\000s\000u\000e\000\040\000s\000t\000o\000r\000i\000e}{part.1}% 4
\BOOKMARK [1][-]{section.2.1}{\376\377\000I\000l\000\040\000t\000e\000r\000r\000i\000t\000o\000r\000i\000o\000:\000\040\000g\000e\000o\000m\000o\000r\000f\000o\000l\000o\000g\000i\000a\000\040\000e\000\040\000g\000e\000o\000l\000o\000g\000i\000a\000\040\000d\000i\000\040\000b\000a\000s\000e}{chapter.2}% 5
\BOOKMARK [1][-]{section.2.2}{\376\377\000S\000t\000o\000r\000i\000a\000\040\000c\000l\000i\000m\000a\000t\000i\000c\000a\000:\000\040\000d\000a\000l\000\040\000P\000l\000e\000i\000s\000t\000o\000c\000e\000n\000e\000\040\000a\000l\000l\000'\000e\000t\000\340\000\040\000d\000e\000l\000\040\000F\000e\000r\000r\000o}{chapter.2}% 6
\BOOKMARK [1][-]{section.2.3}{\376\377\000S\000t\000o\000r\000i\000a\000\040\000e\000c\000o\000l\000o\000g\000i\000c\000a\000:\000\040\000p\000a\000e\000s\000a\000g\000g\000i\000\040\000e\000\040\000f\000a\000u\000n\000a\000\040\000i\000n\000\040\000t\000r\000a\000s\000f\000o\000r\000m\000a\000z\000i\000o\000n\000e}{chapter.2}% 7
\BOOKMARK [1][-]{section.2.4}{\376\377\000S\000t\000o\000r\000i\000a\000\040\000u\000m\000a\000n\000a}{chapter.2}% 8
\BOOKMARK [2][-]{subsection.2.4.1}{\376\377\000P\000a\000l\000e\000o\000l\000i\000t\000i\000c\000o\000\040\000\050\0005\0000\0000\000.\0000\0000\0000\040\023\0001\0001\000.\0000\0000\0000\000\040\000a\000n\000n\000i\000\040\000p\000r\000i\000m\000a\000\040\000d\000e\000l\000l\000'\000a\000n\000n\000o\000\040\000z\000e\000r\000o\000\051}{section.2.4}% 9
\BOOKMARK [2][-]{subsection.2.4.2}{\376\377\000M\000e\000s\000o\000l\000i\000t\000i\000c\000o\000\040\000\050\0001\0001\000.\0007\0000\0000\040\023\0007\000.\0005\0000\0000\000\040\000a\000n\000n\000i\000\040\000p\000r\000i\000m\000a\000\040\000d\000e\000l\000l\000'\000a\000n\000n\000o\000\040\000z\000e\000r\000o\000\051}{section.2.4}% 10
\BOOKMARK [2][-]{subsection.2.4.3}{\376\377\000N\000e\000o\000l\000i\000t\000i\000c\000o\000\040\000e\000d\000\040\000E\000n\000e\000o\000l\000i\000t\000i\000c\000o\000\040\000\050\0007\000.\0005\0000\0000\040\023\0004\000.\0002\0005\0000\000\040\000a\000n\000n\000i\000\040\000p\000r\000i\000m\000a\000\040\000d\000e\000l\000l\000'\000a\000n\000n\000o\000\040\000z\000e\000r\000o\000\051}{section.2.4}% 11
\BOOKMARK [2][-]{subsection.2.4.4}{\376\377\000E\000t\000\340\000\040\000d\000e\000l\000\040\000B\000r\000o\000n\000z\000o\000\040\000e\000\040\000d\000e\000l\000\040\000F\000e\000r\000r\000o\000\040\000\050\0004\000.\0002\0005\0000\040\023\0000\000\040\000a\000n\000n\000i\000\040\000p\000r\000i\000m\000a\000\040\000d\000e\000l\000l\000'\000a\000n\000n\000o\000\040\000z\000e\000r\000o\000\051}{section.2.4}% 12
\BOOKMARK [1][-]{section.2.5}{\376\377\000P\000e\000r\000c\000h\000\351\000\040\000q\000u\000e\000s\000t\000o\000\040\000q\000u\000a\000d\000r\000o\000\040\000c\000o\000n\000t\000a\000\040\000p\000e\000r\000\040\000l\000a\000\040\000d\000o\000m\000a\000n\000d\000a\000\040\000d\000i\000\040\000q\000u\000e\000s\000t\000o\000\040\000l\000i\000b\000r\000o}{chapter.2}% 13
\BOOKMARK [-1][-]{part.2}{\376\377\000I\000I\000\040\000I\000l\000\040\000q\000u\000a\000d\000r\000o\000\040\000v\000e\000n\000e\000t\000o}{}% 14
\BOOKMARK [0][-]{chapter.3}{\376\377\000C\000o\000s\000a\000\040\000s\000i\000\040\000c\000o\000n\000o\000s\000c\000e\000\040\000d\000a\000v\000v\000e\000r\000o\000,\000\040\000i\000n\000\040\000V\000e\000n\000e\000t\000o}{part.2}% 15
\BOOKMARK [1][-]{section.3.1}{\376\377\000V\000e\000r\000o\000n\000a\000:\000\040\000l\000a\000\040\000L\000e\000s\000s\000i\000n\000i\000a\000,\000\040\000l\000a\000\040\000V\000a\000l\000p\000o\000l\000i\000c\000e\000l\000l\000a\000,\000\040\000i\000l\000\040\000G\000a\000r\000d\000a\000\040\000e\000\040\000l\000a\000\040\000p\000i\000a\000n\000u\000r\000a}{chapter.3}% 16
\BOOKMARK [2][-]{subsection.3.1.1}{\376\377\000P\000a\000l\000e\000o\000l\000i\000t\000i\000c\000o\000:\000\040\000l\000a\000\040\000L\000e\000s\000s\000i\000n\000i\000a\000\040\000c\000o\000m\000e\000\040\000l\000a\000b\000o\000r\000a\000t\000o\000r\000i\000o}{section.3.1}% 17
\BOOKMARK [2][-]{subsection.3.1.2}{\376\377\000L\000a\000\040\000g\000r\000o\000t\000t\000a\000\040\000d\000i\000\040\000F\000u\000m\000a\000n\000e\000:\000\040\000a\000r\000t\000e\000\040\000f\000i\000g\000u\000r\000a\000t\000i\000v\000a\000\040\000a\000\040\000q\000u\000a\000r\000a\000n\000t\000a\000m\000i\000l\000a\000\040\000a\000n\000n\000i}{section.3.1}% 18
\BOOKMARK [2][-]{subsection.3.1.3}{\376\377\000M\000o\000n\000t\000e\000\040\000B\000a\000l\000d\000o\000:\000\040\000l\000a\000\040\000s\000c\000o\000p\000e\000r\000t\000a\000\040\000d\000e\000l\000\040\0002\0000\0002\0006}{section.3.1}% 19
\BOOKMARK [2][-]{subsection.3.1.4}{\376\377\000I\000l\000\040\000M\000o\000n\000t\000e\000\040\000L\000u\000p\000p\000i\000a\000\040\000e\000\040\000l\000e\000\040\000i\000n\000c\000i\000s\000i\000o\000n\000i\000\040\000d\000e\000l\000\040\000B\000e\000n\000a\000c\000o}{section.3.1}% 20
\BOOKMARK [2][-]{subsection.3.1.5}{\376\377\000E\000t\000\340\000\040\000d\000e\000l\000\040\000b\000r\000o\000n\000z\000o\000:\000\040\000l\000e\000\040\000p\000a\000l\000a\000f\000i\000t\000t\000e\000\040\000d\000e\000l\000\040\000G\000a\000r\000d\000a\000\040\000e\000\040\000i\000\040\000v\000i\000l\000l\000a\000g\000g\000i\000\040\000d\000'\000a\000l\000t\000u\000r\000a}{section.3.1}% 21
\BOOKMARK [2][-]{subsection.3.1.6}{\376\377\000E\000t\000\340\000\040\000d\000e\000l\000\040\000f\000e\000r\000r\000o\000:\000\040\000O\000p\000p\000e\000a\000n\000o\000\040\000e\000\040\000l\000a\000\040\000V\000e\000r\000o\000n\000a\000\040\000v\000e\000n\000e\000t\000i\000c\000a}{section.3.1}% 22
\BOOKMARK [2][-]{subsection.3.1.7}{\376\377\000A\000r\000t\000e\000\040\000r\000u\000p\000e\000s\000t\000r\000e\000:\000\040\000i\000l\000\040\000b\000i\000l\000a\000n\000c\000i\000o\000\040\000v\000e\000r\000o\000n\000e\000s\000e}{section.3.1}% 23
\BOOKMARK [1][-]{section.3.2}{\376\377\000V\000i\000c\000e\000n\000z\000a\000:\000\040\000i\000\040\000B\000e\000r\000i\000c\000i\000,\000\040\000l\000a\000\040\000p\000i\000a\000n\000u\000r\000a\000,\000\040\000l\000'\000A\000l\000t\000o\000p\000i\000a\000n\000o\000\040\000d\000i\000\040\000A\000s\000i\000a\000g\000o\000\040\000e\000\040\000l\000a\000\040\000V\000a\000l\000\040\000d\000'\000A\000s\000s\000a}{chapter.3}% 24
\BOOKMARK [2][-]{subsection.3.2.1}{\376\377\000I\000\040\000C\000o\000l\000l\000i\000\040\000B\000e\000r\000i\000c\000i\000:\000\040\000l\000a\000\040\000s\000e\000q\000u\000e\000n\000z\000a\000\040\000p\000i\000\371\000\040\000l\000u\000n\000g\000a\000,\000\040\000d\000a\000l\000l\000a\000\040\000c\000o\000m\000p\000a\000r\000s\000a\000\040\000d\000e\000l\000l\000'\000u\000o\000m\000o\000\040\000m\000o\000d\000e\000r\000n\000o\000\040\000a\000\040\000o\000g\000g\000i}{section.3.2}% 25
\BOOKMARK [2][-]{subsection.3.2.2}{\376\377\000L\000a\000\040\000p\000i\000a\000n\000u\000r\000a\000\040\000v\000i\000c\000e\000n\000t\000i\000n\000a\000:\000\040\000i\000l\000\040\000D\000a\000l\000\040\000M\000o\000l\000i\000n\000\040\000e\000\040\000i\000\040\000s\000i\000t\000i\000\040\000p\000e\000d\000e\000m\000o\000n\000t\000a\000n\000i}{section.3.2}% 26
\BOOKMARK [2][-]{subsection.3.2.3}{\376\377\000I\000l\000\040\000l\000a\000g\000o\000\040\000d\000i\000\040\000F\000i\000m\000o\000n\000:\000\040\000i\000l\000\040\000p\000a\000l\000a\000f\000i\000t\000t\000i\000c\000o\000l\000o\000\040\000n\000e\000o\000l\000i\000t\000i\000c\000o\000\040\000v\000i\000c\000e\000n\000t\000i\000n\000o}{section.3.2}% 27
\BOOKMARK [2][-]{subsection.3.2.4}{\376\377\000L\000'\000A\000l\000t\000o\000p\000i\000a\000n\000o\000\040\000d\000i\000\040\000A\000s\000i\000a\000g\000o\000\040\000e\000\040\000l\000a\000\040\000G\000r\000o\000t\000t\000a\000\040\000d\000i\000\040\000E\000r\000n\000e\000s\000t\000o}{section.3.2}% 28
\BOOKMARK [2][-]{subsection.3.2.5}{\376\377\000L\000a\000\040\000V\000a\000l\000\040\000d\000'\000A\000s\000s\000a\000:\000\040\000s\000c\000o\000p\000e\000r\000t\000a\000,\000\040\000d\000i\000b\000a\000t\000t\000i\000t\000o\000\040\000e\000\040\000r\000e\000v\000i\000s\000i\000o\000n\000e}{section.3.2}% 29
\BOOKMARK [2][-]{subsection.3.2.6}{\376\377\000A\000r\000t\000e\000\040\000r\000u\000p\000e\000s\000t\000r\000e\000\040\000n\000e\000l\000\040\000v\000i\000c\000e\000n\000t\000i\000n\000o\000:\000\040\000u\000n\000\040\000b\000i\000l\000a\000n\000c\000i\000o}{section.3.2}% 30
\BOOKMARK [1][-]{section.3.3}{\376\377\000P\000a\000d\000o\000v\000a\000:\000\040\000g\000l\000i\000\040\000E\000u\000g\000a\000n\000e\000i\000,\000\040\000l\000a\000\040\000p\000i\000a\000n\000u\000r\000a\000\040\000e\000\040\000i\000l\000\040\000d\000i\000s\000t\000r\000e\000t\000t\000o\000\040\000d\000i\000\040\000E\000s\000t\000e}{chapter.3}% 31
\BOOKMARK [2][-]{subsection.3.3.1}{\376\377\000P\000a\000l\000e\000o\000l\000i\000t\000i\000c\000o\000\040\000e\000\040\000M\000e\000s\000o\000l\000i\000t\000i\000c\000o\000:\000\040\000u\000n\000a\000\040\000p\000r\000e\000s\000e\000n\000z\000a\000\040\000d\000i\000f\000f\000i\000c\000i\000l\000e\000\040\000d\000a\000\040\000d\000o\000c\000u\000m\000e\000n\000t\000a\000r\000e}{section.3.3}% 32
\BOOKMARK [2][-]{subsection.3.3.2}{\376\377\000N\000e\000o\000l\000i\000t\000i\000c\000o\000:\000\040\000i\000\040\000v\000i\000l\000l\000a\000g\000g\000i\000\040\000d\000e\000l\000l\000a\000\040\000p\000i\000a\000n\000u\000r\000a}{section.3.3}% 33
\BOOKMARK [2][-]{subsection.3.3.3}{\376\377\000E\000n\000e\000o\000l\000i\000t\000i\000c\000o\000:\000\040\000l\000e\000\040\000r\000i\000s\000o\000r\000s\000e\000\040\000d\000e\000g\000l\000i\000\040\000E\000u\000g\000a\000n\000e\000i}{section.3.3}% 34
\BOOKMARK [2][-]{subsection.3.3.4}{\376\377\000B\000r\000o\000n\000z\000o\000\040\000e\000\040\000F\000e\000r\000r\000o\000:\000\040\000l\000'\000i\000n\000t\000e\000n\000s\000i\000t\000\340\000\040\000d\000e\000l\000l\000a\000\040\000p\000i\000a\000n\000u\000r\000a}{section.3.3}% 35
\BOOKMARK [2][-]{subsection.3.3.5}{\376\377\000A\000r\000t\000e\000\040\000r\000u\000p\000e\000s\000t\000r\000e\000:\000\040\000a\000s\000s\000e\000n\000t\000e\000\040\000c\000o\000m\000e\000\040\000c\000o\000r\000p\000u\000s}{section.3.3}% 36
\BOOKMARK [1][-]{section.3.4}{\376\377\000R\000o\000v\000i\000g\000o\000:\000\040\000i\000l\000\040\000P\000o\000l\000e\000s\000i\000n\000e\000\040\000e\000\040\000l\000a\000\040\000s\000u\000a\000\040\000p\000r\000e\000i\000s\000t\000o\000r\000i\000a\000\040\000s\000o\000m\000m\000e\000r\000s\000a}{chapter.3}% 37
\BOOKMARK [2][-]{subsection.3.4.1}{\376\377\000P\000a\000l\000e\000o\000l\000i\000t\000i\000c\000o\000\040\000e\000\040\000M\000e\000s\000o\000l\000i\000t\000i\000c\000o\000:\000\040\000a\000s\000s\000e\000n\000z\000a\000\040\000s\000t\000r\000u\000t\000t\000u\000r\000a\000l\000e}{section.3.4}% 38
\BOOKMARK [2][-]{subsection.3.4.2}{\376\377\000B\000r\000o\000n\000z\000o\000:\000\040\000F\000r\000a\000t\000t\000e\000s\000i\000n\000a\000\040\000e\000\040\000i\000l\000\040\000d\000i\000s\000t\000r\000e\000t\000t\000o\000\040\000m\000e\000t\000a\000l\000l\000u\000r\000g\000i\000c\000o}{section.3.4}% 39
\BOOKMARK [2][-]{subsection.3.4.3}{\376\377\000F\000e\000r\000r\000o\000\040\000e\000\040\000c\000o\000n\000t\000a\000t\000t\000i\000\040\000a\000d\000r\000i\000a\000t\000i\000c\000i}{section.3.4}% 40
\BOOKMARK [2][-]{subsection.3.4.4}{\376\377\000A\000r\000t\000e\000\040\000r\000u\000p\000e\000s\000t\000r\000e\000:\000\040\000i\000m\000p\000o\000s\000s\000i\000b\000i\000l\000e\000\040\000p\000e\000r\000\040\000r\000a\000g\000i\000o\000n\000i\000\040\000g\000e\000o\000m\000o\000r\000f\000o\000l\000o\000g\000i\000c\000h\000e}{section.3.4}% 41
\BOOKMARK [1][-]{section.3.5}{\376\377\000V\000e\000n\000e\000z\000i\000a\000:\000\040\000l\000a\000\040\000l\000a\000g\000u\000n\000a\000\040\000c\000o\000m\000e\000\040\000r\000i\000s\000u\000l\000t\000a\000t\000o\000,\000\040\000n\000o\000n\000\040\000c\000o\000m\000e\000\040\000s\000f\000o\000n\000d\000o}{chapter.3}% 42
\BOOKMARK [2][-]{subsection.3.5.1}{\376\377\000P\000a\000l\000e\000o\000l\000i\000t\000i\000c\000o\000\040\000e\000\040\000M\000e\000s\000o\000l\000i\000t\000i\000c\000o}{section.3.5}% 43
\BOOKMARK [2][-]{subsection.3.5.2}{\376\377\000N\000e\000o\000l\000i\000t\000i\000c\000o\000:\000\040\000C\000o\000n\000c\000o\000r\000d\000i\000a\000\040\000S\000a\000g\000i\000t\000t\000a\000r\000i\000a}{section.3.5}% 44
\BOOKMARK [2][-]{subsection.3.5.3}{\376\377\000B\000r\000o\000n\000z\000o\000:\000\040\000l\000e\000\040\000p\000i\000r\000o\000g\000h\000e\000\040\000d\000e\000l\000\040\000B\000r\000e\000n\000t\000a}{section.3.5}% 45
\BOOKMARK [2][-]{subsection.3.5.4}{\376\377\000F\000e\000r\000r\000o\000:\000\040\000A\000l\000t\000i\000n\000o\000\040\000e\000\040\000i\000\040\000V\000e\000n\000e\000t\000i\000\040\000a\000n\000t\000i\000c\000h\000i}{section.3.5}% 46
\BOOKMARK [2][-]{subsection.3.5.5}{\376\377\000A\000r\000t\000e\000\040\000r\000u\000p\000e\000s\000t\000r\000e\000:\000\040\000s\000t\000r\000u\000t\000t\000u\000r\000a\000l\000m\000e\000n\000t\000e\000\040\000i\000m\000p\000o\000s\000s\000i\000b\000i\000l\000e}{section.3.5}% 47
\BOOKMARK [1][-]{section.3.6}{\376\377\000T\000r\000e\000v\000i\000s\000o\000:\000\040\000i\000l\000\040\000C\000a\000n\000s\000i\000g\000l\000i\000o\000,\000\040\000i\000\040\000l\000a\000g\000h\000i\000\040\000d\000i\000\040\000R\000e\000v\000i\000n\000e\000\040\000e\000\040\000l\000a\000\040\000p\000e\000d\000e\000m\000o\000n\000t\000a\000n\000a}{chapter.3}% 48
\BOOKMARK [2][-]{subsection.3.6.1}{\376\377\000I\000l\000\040\000C\000a\000n\000s\000i\000g\000l\000i\000o\000:\000\040\000t\000r\000e\000n\000t\000'\000a\000n\000n\000i\000\040\000d\000i\000\040\000r\000i\000c\000e\000r\000c\000a\000\040\000s\000i\000s\000t\000e\000m\000a\000t\000i\000c\000a}{section.3.6}% 49
\BOOKMARK [2][-]{subsection.3.6.2}{\376\377\000I\000\040\000l\000a\000g\000h\000i\000\040\000d\000i\000\040\000R\000e\000v\000i\000n\000e\000:\000\040\000i\000l\000\040\000p\000a\000l\000a\000f\000i\000t\000t\000i\000c\000o\000l\000o\000\040\000t\000r\000e\000v\000i\000g\000i\000a\000n\000o}{section.3.6}% 50
\BOOKMARK [2][-]{subsection.3.6.3}{\376\377\000L\000a\000\040\000p\000e\000d\000e\000m\000o\000n\000t\000a\000n\000a\000\040\000e\000\040\000l\000e\000\040\000n\000e\000c\000r\000o\000p\000o\000l\000i\000\040\000v\000e\000n\000e\000t\000i\000c\000h\000e}{section.3.6}% 51
\BOOKMARK [2][-]{subsection.3.6.4}{\376\377\000A\000r\000t\000e\000\040\000r\000u\000p\000e\000s\000t\000r\000e\000:\000\040\000l\000a\000c\000u\000n\000a\000\040\000d\000o\000c\000u\000m\000e\000n\000t\000a\000t\000a}{section.3.6}% 52
\BOOKMARK [1][-]{section.3.7}{\376\377\000B\000e\000l\000l\000u\000n\000o\000:\000\040\000l\000e\000\040\000D\000o\000l\000o\000m\000i\000t\000i\000\040\000e\000\040\000i\000l\000\040\000C\000a\000d\000o\000r\000e}{chapter.3}% 53
\BOOKMARK [2][-]{subsection.3.7.1}{\376\377\000I\000\040\000R\000i\000p\000a\000r\000i\000\040\000V\000i\000l\000l\000a\000b\000r\000u\000n\000a\000:\000\040\000a\000r\000t\000e\000\040\000m\000o\000b\000i\000l\000i\000\350\000r\000e\000\040\000a\000\040\0001\0004\000.\0000\0000\0000\000\040\000a\000n\000n\000i}{section.3.7}% 54
\BOOKMARK [2][-]{subsection.3.7.2}{\376\377\000M\000o\000n\000t\000e\000\040\000A\000v\000e\000n\000a\000\040\000e\000\040\000i\000l\000\040\000P\000a\000l\000e\000o\000l\000i\000t\000i\000c\000o\000\040\000d\000e\000l\000l\000e\000\040\000V\000e\000t\000t\000e}{section.3.7}% 55
\BOOKMARK [2][-]{subsection.3.7.3}{\376\377\000M\000o\000n\000d\000e\000v\000a\000l\000\040\000d\000e\000\040\000S\000o\000r\000a\000:\000\040\000l\000a\000\040\000s\000e\000p\000o\000l\000t\000u\000r\000a\000\040\000c\000a\000s\000t\000e\000l\000n\000o\000v\000i\000a\000n\000a}{section.3.7}% 56
\BOOKMARK [2][-]{subsection.3.7.4}{\376\377\000P\000a\000s\000s\000o\000\040\000G\000i\000a\000u\000:\000\040\000l\000a\000\040\000s\000e\000c\000o\000n\000d\000a\000\040\000s\000e\000p\000o\000l\000t\000u\000r\000a\000\040\000m\000e\000s\000o\000l\000i\000t\000i\000c\000a}{section.3.7}% 57
\BOOKMARK [2][-]{subsection.3.7.5}{\376\377\000I\000l\000\040\000C\000o\000m\000e\000l\000i\000c\000o\000\040\000e\000\040\000l\000a\000\040\000V\000a\000l\000\040\000V\000i\000s\000d\000e\000n\000d\000e}{section.3.7}% 58
\BOOKMARK [2][-]{subsection.3.7.6}{\376\377\000I\000l\000\040\000C\000a\000n\000s\000i\000g\000l\000i\000o\000\040\000b\000e\000l\000l\000u\000n\000e\000s\000e}{section.3.7}% 59
\BOOKMARK [2][-]{subsection.3.7.7}{\376\377\000L\000'\000A\000g\000o\000r\000d\000i\000n\000o\000\040\000e\000\040\000l\000o\000\040\000Z\000o\000l\000d\000a\000n\000o}{section.3.7}% 60
\BOOKMARK [2][-]{subsection.3.7.8}{\376\377\000A\000r\000t\000e\000\040\000r\000u\000p\000e\000s\000t\000r\000e\000\040\000n\000e\000l\000\040\000B\000e\000l\000l\000u\000n\000e\000s\000e}{section.3.7}% 61
\BOOKMARK [1][-]{section.3.8}{\376\377\000I\000l\000\040\000V\000e\000n\000e\000t\000o\000\040\000g\000e\000o\000g\000r\000a\000f\000i\000c\000o\000\040\000e\000s\000t\000e\000s\000o}{chapter.3}% 62
\BOOKMARK [2][-]{subsection.3.8.1}{\376\377\000N\000e\000l\000l\000'\000o\000r\000b\000i\000t\000a\000\040\000d\000i\000\040\000V\000e\000r\000o\000n\000a\000:\000\040\000i\000l\000\040\000G\000a\000r\000d\000a\000\040\000t\000r\000e\000n\000t\000i\000n\000o\000\040\000e\000\040\000l\000o\000m\000b\000a\000r\000d\000o\000,\000\040\000l\000e\000\040\000m\000o\000r\000e\000n\000e\000,\000\040\000A\000l\000a\000\040\000e\000\040\000R\000o\000v\000e\000r\000e\000t\000o}{section.3.8}% 63
\BOOKMARK [2][-]{subsection.3.8.2}{\376\377\000N\000e\000l\000l\000'\000o\000r\000b\000i\000t\000a\000\040\000d\000i\000\040\000V\000i\000c\000e\000n\000z\000a\000\040\000e\000\040\000B\000e\000l\000l\000u\000n\000o\000:\000\040\000V\000a\000l\000s\000u\000g\000a\000n\000a\000,\000\040\000L\000a\000g\000o\000r\000a\000i\000,\000\040\000P\000r\000i\000m\000i\000e\000r\000o\000\040\000e\000\040\000l\000e\000\040\000P\000a\000l\000e}{section.3.8}% 64
\BOOKMARK [2][-]{subsection.3.8.3}{\376\377\000N\000e\000l\000l\000'\000o\000r\000b\000i\000t\000a\000\040\000d\000i\000\040\000B\000e\000l\000l\000u\000n\000o\000:\000\040\000l\000e\000\040\000D\000o\000l\000o\000m\000i\000t\000i\000\040\000l\000a\000d\000i\000n\000e\000\040\000e\000\040\000l\000a\000\040\000V\000a\000l\000\040\000P\000u\000s\000t\000e\000r\000i\000a}{section.3.8}% 65
\BOOKMARK [2][-]{subsection.3.8.4}{\376\377\000N\000e\000l\000l\000'\000o\000r\000b\000i\000t\000a\000\040\000d\000i\000\040\000B\000e\000l\000l\000u\000n\000o\000\040\000e\000\040\000T\000r\000e\000v\000i\000s\000o\000:\000\040\000l\000a\000\040\000C\000a\000r\000n\000i\000a\000\040\000e\000\040\000i\000l\000\040\000F\000r\000i\000u\000l\000i\000\040\000n\000o\000r\000d\000o\000c\000c\000i\000d\000e\000n\000t\000a\000l\000e}{section.3.8}% 66
\BOOKMARK [1][-]{section.3.9}{\376\377\000L\000e\000\040\000c\000r\000e\000s\000t\000e\000\040\000d\000e\000l\000l\000a\000\040\000G\000r\000a\000n\000d\000e\000\040\000G\000u\000e\000r\000r\000a\000:\000\040\000l\000a\000\040\000r\000i\000c\000e\000r\000c\000a\000\040\000p\000r\000e\000i\000s\000t\000o\000r\000i\000c\000a\000\040\000n\000e\000l\000l\000e\000\040\000z\000o\000n\000e\000\040\000d\000i\000\040\000c\000o\000n\000f\000i\000n\000e}{chapter.3}% 67
\BOOKMARK [2][-]{subsection.3.9.1}{\376\377\000L\000a\000\040\000r\000i\000c\000e\000r\000c\000a\000\040\000p\000r\000e\000-\0001\0009\0001\0005\000:\000\040\000n\000a\000t\000u\000r\000a\000l\000i\000s\000t\000i\000,\000\040\000n\000o\000n\000\040\000a\000r\000c\000h\000e\000o\000l\000o\000g\000i}{section.3.9}% 68
\BOOKMARK [2][-]{subsection.3.9.2}{\376\377\000I\000l\000\040\000C\000a\000r\000e\000g\000a\000\040\000e\000\040\000l\000e\000\040\000P\000i\000c\000c\000o\000l\000e\000\040\000D\000o\000l\000o\000m\000i\000t\000i\000\040\000v\000i\000c\000e\000n\000t\000i\000n\000e}{section.3.9}% 69
\BOOKMARK [2][-]{subsection.3.9.3}{\376\377\000I\000l\000\040\000P\000a\000s\000u\000b\000i\000o}{section.3.9}% 70
\BOOKMARK [2][-]{subsection.3.9.4}{\376\377\000I\000l\000\040\000T\000o\000n\000e\000z\000z\000a\000\040\000d\000e\000l\000\040\000C\000i\000m\000o\000n\000e\000\040\000e\000\040\000l\000e\000\040\000c\000r\000e\000s\000t\000e\000\040\000s\000e\000t\000t\000e\000n\000t\000r\000i\000o\000n\000a\000l\000i\000\040\000d\000e\000l\000l\000'\000A\000l\000t\000o\000p\000i\000a\000n\000o\000\040\000d\000i\000\040\000A\000s\000i\000a\000g\000o}{section.3.9}% 71
\BOOKMARK [2][-]{subsection.3.9.5}{\376\377\000I\000l\000\040\000M\000o\000n\000t\000e\000\040\000G\000r\000a\000p\000p\000a}{section.3.9}% 72
\BOOKMARK [2][-]{subsection.3.9.6}{\376\377\000I\000l\000\040\000M\000o\000n\000t\000e\000l\000l\000o}{section.3.9}% 73
\BOOKMARK [2][-]{subsection.3.9.7}{\376\377\000L\000e\000\040\000c\000r\000o\000d\000e\000\040\000d\000e\000l\000\040\000C\000a\000d\000o\000r\000e\000\040\000e\000\040\000d\000e\000l\000\040\000C\000o\000m\000e\000l\000i\000c\000o}{section.3.9}% 74
\BOOKMARK [2][-]{subsection.3.9.8}{\376\377\000U\000n\000a\000\040\000d\000i\000a\000g\000n\000o\000s\000i\000\040\000c\000o\000m\000p\000l\000e\000s\000s\000i\000v\000a}{section.3.9}% 75
\BOOKMARK [1][-]{section.3.10}{\376\377\000U\000n\000\040\000c\000o\000n\000f\000r\000o\000n\000t\000o\000\040\000n\000u\000m\000e\000r\000i\000c\000o}{chapter.3}% 76
\BOOKMARK [1][-]{section.3.11}{\376\377\000C\000o\000s\000a\000\040\000q\000u\000e\000s\000t\000o\000\040\000q\000u\000a\000d\000r\000o\000\040\000d\000i\000m\000o\000s\000t\000r\000a\000,\000\040\000e\000\040\000c\000o\000s\000a\000\040\000n\000o}{chapter.3}% 77
\BOOKMARK [0][-]{chapter.4}{\376\377\000C\000o\000s\000a\000\040\000a\000v\000r\000e\000b\000b\000e\000r\000o\000\040\000p\000o\000t\000u\000t\000o\000\040\000l\000a\000s\000c\000i\000a\000r\000e}{part.2}% 78
\BOOKMARK [1][-]{section.4.1}{\376\377\000I\000l\000\040\000P\000a\000l\000e\000o\000l\000i\000t\000i\000c\000o\000\040\000s\000u\000p\000e\000r\000i\000o\000r\000e\000:\000\040\000g\000r\000o\000t\000t\000e\000,\000\040\000r\000i\000p\000a\000r\000i\000\040\000e\000\040\000o\000g\000g\000e\000t\000t\000i\000\040\000p\000o\000r\000t\000a\000t\000i\000l\000i}{chapter.4}% 79
\BOOKMARK [2][-]{subsection.4.1.1}{\376\377\000I\000l\000\040\000r\000e\000p\000e\000r\000t\000o\000r\000i\000o\000\040\000d\000e\000l\000\040\000P\000a\000l\000e\000o\000l\000i\000t\000i\000c\000o\000\040\000s\000u\000p\000e\000r\000i\000o\000r\000e\000\040\000e\000u\000r\000o\000p\000e\000o}{section.4.1}% 80
\BOOKMARK [2][-]{subsection.4.1.2}{\376\377\000I\000l\000\040\000P\000a\000l\000e\000o\000l\000i\000t\000i\000c\000o\000\040\000s\000u\000p\000e\000r\000i\000o\000r\000e\000\040\000n\000e\000l\000l\000'\000a\000r\000e\000a\000\040\000v\000e\000n\000e\000t\000a\000\040\000e\000\040\000a\000d\000i\000a\000c\000e\000n\000t\000e}{section.4.1}% 81
\BOOKMARK [2][-]{subsection.4.1.3}{\376\377\000C\000o\000s\000a\000\040\000\350\000\040\000p\000l\000a\000u\000s\000i\000b\000i\000l\000e\000\040\000p\000e\000r\000\040\000l\000e\000\040\000A\000l\000p\000i\000\040\000v\000e\000n\000e\000t\000e\000:\000\040\000a\000r\000t\000e\000\040\000p\000a\000r\000i\000e\000t\000a\000l\000e}{section.4.1}% 82
\BOOKMARK [2][-]{subsection.4.1.4}{\376\377\000C\000o\000s\000a\000\040\000\350\000\040\000p\000l\000a\000u\000s\000i\000b\000i\000l\000e\000\040\000p\000e\000r\000\040\000l\000e\000\040\000A\000l\000p\000i\000\040\000v\000e\000n\000e\000t\000e\000:\000\040\000a\000r\000t\000e\000\040\000m\000o\000b\000i\000l\000i\000\350\000r\000e}{section.4.1}% 83
\BOOKMARK [2][-]{subsection.4.1.5}{\376\377\000I\000l\000\040\000g\000r\000a\000n\000d\000e\000\040\000a\000s\000s\000e\000n\000t\000e\000:\000\040\000l\000a\000\040\000p\000r\000o\000d\000u\000z\000i\000o\000n\000e\000\040\000s\000u\000\040\000m\000a\000t\000e\000r\000i\000a\000l\000i\000\040\000o\000r\000g\000a\000n\000i\000c\000i}{section.4.1}% 84
\BOOKMARK [2][-]{subsection.4.1.6}{\376\377\000A\000m\000b\000i\000e\000n\000t\000e\000\040\000e\000\040\000s\000t\000a\000g\000i\000o\000n\000a\000l\000i\000t\000\340}{section.4.1}% 85
\BOOKMARK [1][-]{section.4.2}{\376\377\000I\000l\000\040\000M\000e\000s\000o\000l\000i\000t\000i\000c\000o\000:\000\040\000m\000o\000b\000i\000l\000i\000t\000\340\000,\000\040\000q\000u\000o\000t\000a\000\040\000e\000\040\000s\000u\000p\000p\000o\000r\000t\000i\000\040\000d\000e\000p\000e\000r\000i\000b\000i\000l\000i}{chapter.4}% 86
\BOOKMARK [2][-]{subsection.4.2.1}{\376\377\000I\000l\000\040\000c\000o\000n\000t\000e\000s\000t\000o\000\040\000e\000u\000r\000o\000p\000e\000o}{section.4.2}% 87
\BOOKMARK [2][-]{subsection.4.2.2}{\376\377\000I\000\040\000g\000r\000u\000p\000p\000i\000\040\000m\000e\000s\000o\000l\000i\000t\000i\000c\000i\000\040\000d\000e\000l\000l\000e\000\040\000A\000l\000p\000i\000\040\000v\000e\000n\000e\000t\000e}{section.4.2}% 88
\BOOKMARK [2][-]{subsection.4.2.3}{\376\377\000C\000o\000s\000a\000\040\000\350\000\040\000p\000l\000a\000u\000s\000i\000b\000i\000l\000e\000\040\000p\000e\000r\000\040\000l\000e\000\040\000A\000l\000p\000i\000\040\000v\000e\000n\000e\000t\000e\000:\000\040\000i\000\040\000l\000i\000m\000i\000t\000i\000\040\000d\000e\000l\000\040\000c\000o\000r\000p\000u\000s}{section.4.2}% 89
\BOOKMARK [1][-]{section.4.3}{\376\377\000N\000e\000o\000l\000i\000t\000i\000c\000o\000\040\000e\000d\000\040\000E\000n\000e\000o\000l\000i\000t\000i\000c\000o\000:\000\040\000i\000\040\000s\000e\000g\000n\000i\000\040\000c\000h\000e\000\040\000d\000u\000r\000a\000n\000o}{chapter.4}% 90
\BOOKMARK [2][-]{subsection.4.3.1}{\376\377\000L\000a\000\040\000r\000i\000v\000o\000l\000u\000z\000i\000o\000n\000e\000\040\000s\000i\000m\000b\000o\000l\000i\000c\000a\000\040\000d\000e\000l\000\040\000N\000e\000o\000l\000i\000t\000i\000c\000o\000\040\000a\000l\000p\000i\000n\000o}{section.4.3}% 91
\BOOKMARK [2][-]{subsection.4.3.2}{\376\377\000L\000e\000\040\000s\000t\000e\000l\000e\000\040\000a\000n\000t\000r\000o\000p\000o\000m\000o\000r\000f\000e\000:\000\040\000i\000l\000\040\000c\000o\000n\000f\000i\000n\000e\000\040\000\350\000\040\000v\000i\000c\000i\000n\000o}{section.4.3}% 92
\BOOKMARK [2][-]{subsection.4.3.3}{\376\377\000C\000o\000s\000a\000\040\000\350\000\040\000p\000l\000a\000u\000s\000i\000b\000i\000l\000e\000\040\000p\000e\000r\000\040\000l\000e\000\040\000A\000l\000p\000i\000\040\000v\000e\000n\000e\000t\000e}{section.4.3}% 93
\BOOKMARK [1][-]{section.4.4}{\376\377\000E\000t\000\340\000\040\000d\000e\000l\000\040\000b\000r\000o\000n\000z\000o\000:\000\040\000i\000l\000\040\000p\000e\000r\000i\000o\000d\000o\000\040\000p\000i\000\371\000\040\000p\000r\000o\000b\000a\000b\000i\000l\000e}{chapter.4}% 94
\BOOKMARK [2][-]{subsection.4.4.1}{\376\377\000I\000l\000\040\000r\000e\000p\000e\000r\000t\000o\000r\000i\000o\000\040\000d\000e\000l\000l\000'\000e\000t\000\340\000\040\000d\000e\000l\000\040\000b\000r\000o\000n\000z\000o\000\040\000a\000l\000p\000i\000n\000o}{section.4.4}% 95
\BOOKMARK [2][-]{subsection.4.4.2}{\376\377\000I\000l\000\040\000M\000o\000n\000t\000e\000\040\000L\000u\000p\000p\000i\000a\000\040\000c\000o\000m\000e\000\040\000p\000r\000o\000v\000a\000\040\000d\000i\000r\000e\000t\000t\000a}{section.4.4}% 96
\BOOKMARK [2][-]{subsection.4.4.3}{\376\377\000C\000o\000s\000a\000\040\000\350\000\040\000p\000l\000a\000u\000s\000i\000b\000i\000l\000e\000\040\000a\000l\000t\000r\000o\000v\000e\000\040\000n\000e\000l\000\040\000V\000e\000n\000e\000t\000o}{section.4.4}% 97
\BOOKMARK [1][-]{section.4.5}{\376\377\000E\000t\000\340\000\040\000d\000e\000l\000\040\000f\000e\000r\000r\000o\000\040\000e\000\040\000p\000e\000r\000i\000o\000d\000o\000\040\000v\000e\000n\000e\000t\000i\000c\000o\000:\000\040\000l\000a\000\040\000c\000o\000n\000t\000i\000n\000u\000i\000t\000\340\000\040\000i\000n\000t\000e\000r\000r\000o\000t\000t\000a}{chapter.4}% 98
\BOOKMARK [2][-]{subsection.4.5.1}{\376\377\000I\000l\000\040\000r\000e\000p\000e\000r\000t\000o\000r\000i\000o\000\040\000d\000e\000l\000l\000'\000e\000t\000\340\000\040\000d\000e\000l\000\040\000f\000e\000r\000r\000o\000\040\000a\000l\000p\000i\000n\000o}{section.4.5}% 99
\BOOKMARK [2][-]{subsection.4.5.2}{\376\377\000I\000l\000\040\000c\000o\000n\000t\000e\000s\000t\000o\000\040\000v\000e\000n\000e\000t\000i\000c\000o}{section.4.5}% 100
\BOOKMARK [1][-]{section.4.6}{\376\377\000I\000l\000\040\000p\000r\000o\000b\000l\000e\000m\000a\000\040\000s\000p\000e\000c\000i\000f\000i\000c\000o\000\040\000d\000e\000l\000l\000e\000\040\000c\000o\000p\000p\000e\000l\000l\000e}{chapter.4}% 101
\BOOKMARK [2][-]{subsection.4.6.1}{\376\377\000U\000b\000i\000q\000u\000i\000t\000\340\000\040\000e\000\040\000d\000i\000f\000f\000i\000c\000o\000l\000t\000\340\000\040\000d\000i\000\040\000c\000e\000n\000s\000i\000m\000e\000n\000t\000o}{section.4.6}% 102
\BOOKMARK [2][-]{subsection.4.6.2}{\376\377\000L\000a\000\040\000d\000e\000n\000s\000i\000t\000\340\000\040\000a\000t\000t\000e\000s\000a}{section.4.6}% 103
\BOOKMARK [0][-]{chapter.5}{\376\377\000U\000n\000a\000\040\000m\000a\000p\000p\000a\000\040\000l\000o\000g\000i\000c\000a\000\040\000d\000e\000l\000l\000a\000\040\000r\000i\000c\000e\000r\000c\000a\000\040\000p\000r\000e\000i\000s\000t\000o\000r\000i\000c\000a\000\040\000i\000n\000\040\000V\000e\000n\000e\000t\000o}{part.2}% 104
\BOOKMARK [1][-]{section.5.1}{\376\377\000D\000o\000v\000e\000\040\000l\000a\000\040\000l\000u\000c\000e\000\040\000\350\000\040\000c\000a\000d\000u\000t\000a\000,\000\040\000e\000\040\000p\000e\000r\000c\000h\000\351}{chapter.5}% 105
\BOOKMARK [2][-]{subsection.5.1.1}{\376\377\000L\000a\000\040\000s\000c\000u\000o\000l\000a\000\040\000f\000e\000r\000r\000a\000r\000e\000s\000e\000\040\000e\000\040\000l\000a\000\040\000L\000e\000s\000s\000i\000n\000i\000a}{section.5.1}% 106
\BOOKMARK [2][-]{subsection.5.1.2}{\376\377\000L\000a\000\040\000G\000r\000o\000t\000t\000a\000\040\000d\000i\000\040\000F\000u\000m\000a\000n\000e\000:\000\040\000u\000n\000a\000\040\000s\000c\000o\000p\000e\000r\000t\000a\000\040\000c\000h\000e\000\040\000n\000e\000\040\000g\000e\000n\000e\000r\000a\000\040\000a\000l\000t\000r\000e}{section.5.1}% 107
\BOOKMARK [2][-]{subsection.5.1.3}{\376\377\000I\000l\000\040\000M\000o\000n\000t\000e\000\040\000L\000u\000p\000p\000i\000a\000:\000\040\000u\000n\000\040\000u\000o\000m\000o\000,\000\040\000u\000n\000a\000\040\000v\000i\000s\000i\000t\000a\000,\000\040\000u\000n\000\040\000c\000a\000t\000a\000l\000o\000g\000o}{section.5.1}% 108
\BOOKMARK [2][-]{subsection.5.1.4}{\376\377\000E\000s\000t\000e\000,\000\040\000F\000r\000a\000t\000t\000e\000s\000i\000n\000a\000,\000\040\000A\000l\000t\000i\000n\000o\000:\000\040\000l\000a\000\040\000r\000i\000c\000c\000h\000e\000z\000z\000a\000\040\000c\000h\000e\000\040\000s\000i\000\040\000t\000r\000o\000v\000a\000\040\000d\000a\000\040\000s\000o\000l\000a}{section.5.1}% 109
\BOOKMARK [1][-]{section.5.2}{\376\377\000L\000e\000\040\000z\000o\000n\000e\000\040\000b\000u\000i\000e\000,\000\040\000e\000\040\000p\000e\000r\000c\000h\000\351\000\040\000s\000o\000n\000o\000\040\000b\000u\000i\000e}{chapter.5}% 110
\BOOKMARK [2][-]{subsection.5.2.1}{\376\377\000L\000'\000a\000s\000s\000e\000n\000z\000a\000\040\000d\000e\000l\000l\000'\000a\000n\000c\000o\000r\000a\000\040\000i\000s\000t\000i\000t\000u\000z\000i\000o\000n\000a\000l\000e}{section.5.2}% 111
\BOOKMARK [2][-]{subsection.5.2.2}{\376\377\000L\000e\000\040\000z\000o\000n\000e\000\040\000d\000i\000\040\000g\000u\000e\000r\000r\000a\000:\000\040\000u\000n\000\040\000p\000r\000o\000b\000l\000e\000m\000a\000\040\000d\000o\000p\000p\000i\000o}{section.5.2}% 112
\BOOKMARK [2][-]{subsection.5.2.3}{\376\377\000L\000'\000a\000l\000t\000a\000\040\000C\000a\000r\000n\000i\000a\000\040\000e\000\040\000l\000e\000\040\000a\000r\000e\000e\000\040\000d\000i\000\040\000c\000o\000n\000f\000i\000n\000e}{section.5.2}% 113
\BOOKMARK [2][-]{subsection.5.2.4}{\376\377\000I\000l\000\040\000p\000r\000o\000b\000l\000e\000m\000a\000\040\000s\000p\000e\000c\000i\000f\000i\000c\000o\000\040\000d\000e\000l\000l\000'\000a\000r\000t\000e\000\040\000r\000u\000p\000e\000s\000t\000r\000e}{section.5.2}% 114
\BOOKMARK [1][-]{section.5.3}{\376\377\000L\000a\000\040\000c\000o\000r\000r\000e\000l\000a\000z\000i\000o\000n\000e\000\040\000c\000h\000e\000\040\000c\000o\000n\000t\000a}{chapter.5}% 115
\BOOKMARK [1][-]{section.5.4}{\376\377\000Q\000u\000a\000t\000t\000r\000o\000\040\000t\000i\000p\000i\000\040\000d\000i\000\040\000s\000i\000l\000e\000n\000z\000i\000o}{chapter.5}% 116
\BOOKMARK [1][-]{section.5.5}{\376\377\000I\000l\000\040\000c\000o\000n\000f\000r\000o\000n\000t\000o\000\040\000c\000h\000e\000\040\000i\000l\000l\000u\000m\000i\000n\000a\000\040\000l\000a\000\040\000l\000a\000c\000u\000n\000a}{chapter.5}% 117
\BOOKMARK [1][-]{section.5.6}{\376\377\000U\000n\000a\000\040\000d\000i\000s\000t\000i\000n\000z\000i\000o\000n\000e\000\040\000c\000h\000e\000\040\000v\000a\000l\000e\000\040\000l\000a\000\040\000p\000e\000n\000a\000\040\000t\000e\000n\000e\000r\000e\000\040\000f\000e\000r\000m\000a}{chapter.5}% 118
\BOOKMARK [0][-]{chapter.6}{\376\377\000Q\000u\000e\000l\000l\000o\000\040\000c\000h\000e\000\040\000i\000l\000\040\000t\000e\000m\000p\000o\000\040\000c\000a\000n\000c\000e\000l\000l\000a}{part.2}% 119
\BOOKMARK [1][-]{section.6.1}{\376\377\000T\000r\000e\000\040\000m\000o\000d\000i\000\040\000d\000i\000\040\000n\000o\000n\000\040\000t\000r\000o\000v\000a\000r\000e\000\040\000u\000n\000\040\000s\000i\000t\000o}{chapter.6}% 120
\BOOKMARK [1][-]{section.6.2}{\376\377\000I\000l\000\040\000s\000u\000b\000s\000t\000r\000a\000t\000o\000:\000\040\000q\000u\000a\000t\000t\000r\000o\000\040\000r\000o\000c\000c\000e\000,\000\040\000q\000u\000a\000t\000t\000r\000o\000\040\000d\000e\000s\000t\000i\000n\000i}{chapter.6}% 121
\BOOKMARK [2][-]{subsection.6.2.1}{\376\377\000I\000l\000\040\000c\000a\000l\000c\000a\000r\000e\000:\000\040\000i\000l\000\040\000p\000i\000\371\000\040\000c\000o\000m\000u\000n\000e\000\040\000e\000\040\000i\000l\000\040\000p\000i\000\371\000\040\000i\000n\000g\000a\000n\000n\000e\000v\000o\000l\000e}{section.6.2}% 122
\BOOKMARK [2][-]{subsection.6.2.2}{\376\377\000L\000a\000\040\000d\000o\000l\000o\000m\000i\000a\000:\000\040\000r\000e\000s\000i\000s\000t\000e\000n\000t\000e\000\040\000a\000l\000l\000a\000\040\000c\000h\000i\000m\000i\000c\000a\000,\000\040\000f\000r\000a\000g\000i\000l\000e\000\040\000a\000l\000l\000a\000\040\000m\000e\000c\000c\000a\000n\000i\000c\000a}{section.6.2}% 123
\BOOKMARK [2][-]{subsection.6.2.3}{\376\377\000I\000l\000\040\000p\000o\000r\000f\000i\000d\000o\000:\000\040\000i\000l\000\040\000m\000i\000g\000l\000i\000o\000r\000e\000\040\000p\000e\000r\000\040\000l\000a\000\040\000c\000o\000n\000s\000e\000r\000v\000a\000z\000i\000o\000n\000e}{section.6.2}% 124
\BOOKMARK [2][-]{subsection.6.2.4}{\376\377\000L\000a\000\040\000t\000r\000a\000c\000h\000i\000t\000e\000:\000\040\000r\000e\000s\000i\000s\000t\000e\000n\000t\000e\000\040\000m\000a\000\040\000d\000i\000f\000f\000i\000c\000i\000l\000e\000\040\000d\000a\000\040\000i\000n\000c\000i\000d\000e\000r\000e}{section.6.2}% 125
\BOOKMARK [1][-]{section.6.3}{\376\377\000L\000a\000\040\000t\000e\000c\000n\000i\000c\000a\000:\000\040\000m\000a\000r\000t\000e\000l\000l\000i\000n\000a\000,\000\040\000g\000r\000a\000f\000f\000i\000t\000o\000,\000\040\000p\000i\000t\000t\000u\000r\000a}{chapter.6}% 126
\BOOKMARK [2][-]{subsection.6.3.1}{\376\377\000L\000a\000\040\000p\000i\000c\000c\000h\000i\000e\000t\000t\000a\000t\000u\000r\000a}{section.6.3}% 127
\BOOKMARK [2][-]{subsection.6.3.2}{\376\377\000I\000l\000\040\000g\000r\000a\000f\000f\000i\000t\000o}{section.6.3}% 128
\BOOKMARK [2][-]{subsection.6.3.3}{\376\377\000L\000a\000\040\000p\000i\000t\000t\000u\000r\000a}{section.6.3}% 129
\BOOKMARK [1][-]{section.6.4}{\376\377\000L\000'\000e\000s\000p\000o\000s\000i\000z\000i\000o\000n\000e\000:\000\040\000g\000e\000o\000m\000e\000t\000r\000i\000a\000\040\000e\000\040\000q\000u\000o\000t\000a}{chapter.6}% 130
\BOOKMARK [2][-]{subsection.6.4.1}{\376\377\000V\000e\000r\000t\000i\000c\000a\000l\000e\000\040\000v\000s\000.\000\040\000o\000r\000i\000z\000z\000o\000n\000t\000a\000l\000e}{section.6.4}% 131
\BOOKMARK [2][-]{subsection.6.4.2}{\376\377\000L\000a\000\040\000q\000u\000o\000t\000a\000:\000\040\000u\000n\000'\000e\000q\000u\000a\000z\000i\000o\000n\000e\000\040\000a\000m\000b\000i\000g\000u\000a}{section.6.4}% 132
\BOOKMARK [1][-]{section.6.5}{\376\377\000L\000a\000\040\000c\000o\000p\000e\000r\000t\000u\000r\000a\000\040\000s\000e\000d\000i\000m\000e\000n\000t\000a\000r\000i\000a\000:\000\040\000n\000a\000s\000c\000o\000s\000t\000a\000\040\000m\000a\000\040\000i\000n\000t\000a\000t\000t\000a}{chapter.6}% 133
\BOOKMARK [1][-]{section.6.6}{\376\377\000I\000\040\000f\000a\000t\000t\000o\000r\000i\000\040\000a\000n\000t\000r\000o\000p\000i\000c\000i\000\040\000a\000n\000t\000i\000c\000h\000i}{chapter.6}% 134
\BOOKMARK [2][-]{subsection.6.6.1}{\376\377\000I\000l\000\040\000r\000i\000u\000s\000o\000\040\000d\000e\000l\000l\000e\000\040\000s\000u\000p\000e\000r\000f\000i\000c\000i}{section.6.6}% 135
\BOOKMARK [2][-]{subsection.6.6.2}{\376\377\000L\000'\000a\000g\000r\000i\000c\000o\000l\000t\000u\000r\000a\000\040\000e\000\040\000l\000a\000\040\000p\000a\000s\000t\000o\000r\000i\000z\000i\000a\000\040\000m\000e\000d\000i\000e\000v\000a\000l\000e}{section.6.6}% 136
\BOOKMARK [2][-]{subsection.6.6.3}{\376\377\000L\000e\000\040\000c\000a\000v\000e\000\040\000s\000t\000o\000r\000i\000c\000h\000e}{section.6.6}% 137
\BOOKMARK [1][-]{section.6.7}{\376\377\000L\000a\000\040\000P\000r\000i\000m\000a\000\040\000G\000u\000e\000r\000r\000a\000\040\000M\000o\000n\000d\000i\000a\000l\000e\000\040\000c\000o\000m\000e\000\040\000f\000a\000t\000t\000o\000r\000e\000\040\000t\000a\000f\000o\000n\000o\000m\000i\000c\000o}{chapter.6}% 138
\BOOKMARK [2][-]{subsection.6.7.1}{\376\377\000T\000r\000e\000\040\000e\000f\000f\000e\000t\000t\000i\000\040\000d\000i\000s\000t\000i\000n\000t\000i}{section.6.7}% 139
\BOOKMARK [2][-]{subsection.6.7.2}{\376\377\000L\000a\000\040\000c\000o\000n\000s\000e\000g\000u\000e\000n\000z\000a\000\040\000p\000e\000r\000\040\000l\000a\000\040\000r\000i\000c\000e\000r\000c\000a\000:\000\040\000i\000l\000\040\000v\000a\000l\000o\000r\000e\000\040\000d\000e\000l\000l\000e\000\040\000f\000o\000n\000t\000i\000\040\000p\000r\000e\000-\0001\0009\0001\0005}{section.6.7}% 140
\BOOKMARK [2][-]{subsection.6.7.3}{\376\377\000L\000e\000\040\000c\000r\000e\000s\000t\000e\000\040\000c\000o\000i\000n\000v\000o\000l\000t\000e}{section.6.7}% 141
\BOOKMARK [1][-]{section.6.8}{\376\377\000I\000\040\000f\000a\000t\000t\000o\000r\000i\000\040\000a\000n\000t\000r\000o\000p\000i\000c\000i\000\040\000m\000o\000d\000e\000r\000n\000i}{chapter.6}% 142
\BOOKMARK [2][-]{subsection.6.8.1}{\376\377\000L\000e\000\040\000i\000n\000f\000r\000a\000s\000t\000r\000u\000t\000t\000u\000r\000e\000\040\000t\000u\000r\000i\000s\000t\000i\000c\000h\000e\000\040\000e\000\040\000i\000l\000\040\000p\000a\000r\000a\000d\000o\000s\000s\000o\000\040\000d\000e\000l\000l\000a\000\040\000f\000r\000e\000q\000u\000e\000n\000t\000a\000z\000i\000o\000n\000e}{section.6.8}% 143
\BOOKMARK [2][-]{subsection.6.8.2}{\376\377\000I\000l\000\040\000t\000u\000r\000i\000s\000m\000o\000\040\000d\000i\000\040\000m\000a\000s\000s\000a\000\040\000e\000\040\000i\000l\000\040\000d\000a\000n\000n\000e\000g\000g\000i\000a\000m\000e\000n\000t\000o\000\040\000d\000i\000r\000e\000t\000t\000o}{section.6.8}% 144
\BOOKMARK [2][-]{subsection.6.8.3}{\376\377\000L\000e\000\040\000c\000a\000v\000e\000\040\000m\000o\000d\000e\000r\000n\000e}{section.6.8}% 145
\BOOKMARK [1][-]{section.6.9}{\376\377\000I\000l\000\040\000f\000i\000l\000t\000r\000o\000\040\000t\000a\000f\000o\000n\000o\000m\000i\000c\000o\000:\000\040\000u\000n\000\040\000b\000i\000l\000a\000n\000c\000i\000o\000\040\000p\000e\000r\000\040\000p\000e\000r\000i\000o\000d\000o}{chapter.6}% 146
\BOOKMARK [2][-]{subsection.6.9.1}{\376\377\000P\000a\000l\000e\000o\000l\000i\000t\000i\000c\000o\000\040\000s\000u\000p\000e\000r\000i\000o\000r\000e\000\040\000\050\0004\0005\000.\0000\0000\0000\040\023\0001\0002\000.\0000\0000\0000\000\040\000a\000n\000n\000i\000\040\000p\000r\000i\000m\000a\000\040\000d\000e\000l\000l\000'\000a\000n\000n\000o\000\040\000z\000e\000r\000o\000\051}{section.6.9}% 147
\BOOKMARK [2][-]{subsection.6.9.2}{\376\377\000M\000e\000s\000o\000l\000i\000t\000i\000c\000o\000\040\000\050\0001\0001\000.\0005\0000\0000\040\023\0006\000.\0005\0000\0000\000\040\000a\000n\000n\000i\000\040\000p\000r\000i\000m\000a\000\040\000d\000e\000l\000l\000'\000a\000n\000n\000o\000\040\000z\000e\000r\000o\000\051}{section.6.9}% 148
\BOOKMARK [2][-]{subsection.6.9.3}{\376\377\000N\000e\000o\000l\000i\000t\000i\000c\000o\000\040\000e\000d\000\040\000E\000n\000e\000o\000l\000i\000t\000i\000c\000o\000\040\000\050\0007\000.\0005\0000\0000\040\023\0003\000.\0008\0000\0000\000\040\000a\000n\000n\000i\000\040\000p\000r\000i\000m\000a\000\040\000d\000e\000l\000l\000'\000a\000n\000n\000o\000\040\000z\000e\000r\000o\000\051}{section.6.9}% 149
\BOOKMARK [2][-]{subsection.6.9.4}{\376\377\000E\000t\000\340\000\040\000d\000e\000l\000\040\000b\000r\000o\000n\000z\000o\000\040\000\050\0003\000.\0008\0000\0000\040\023\0002\000.\0008\0000\0000\000\040\000a\000n\000n\000i\000\040\000p\000r\000i\000m\000a\000\040\000d\000e\000l\000l\000'\000a\000n\000n\000o\000\040\000z\000e\000r\000o\000\051}{section.6.9}% 150
\BOOKMARK [1][-]{section.6.10}{\376\377\000L\000'\000i\000p\000o\000t\000e\000s\000i\000\040\000a\000l\000t\000e\000r\000n\000a\000t\000i\000v\000a\000:\000\040\000e\000\040\000s\000e\000\040\000n\000o\000n\000\040\000c\000i\000\040\000f\000o\000s\000s\000e\000\040\000m\000a\000i\000\040\000s\000t\000a\000t\000a\000?}{chapter.6}% 151
\BOOKMARK [-1][-]{part.3}{\376\377\000I\000I\000I\000\040\000D\000o\000v\000e\000\040\000g\000u\000a\000r\000d\000a\000r\000e}{}% 152
\BOOKMARK [0][-]{chapter.7}{\376\377\000D\000o\000v\000e\000\040\000g\000u\000a\000r\000d\000a\000r\000e}{part.3}% 153
\BOOKMARK [1][-]{section.7.1}{\376\377\000L\000a\000\040\000l\000o\000g\000i\000c\000a\000\040\000d\000e\000l\000\040\000m\000o\000v\000i\000m\000e\000n\000t\000o\000:\000\040\000a\000n\000i\000m\000a\000l\000i\000\040\000e\000\040\000u\000o\000m\000i\000n\000i}{chapter.7}% 154
\BOOKMARK [1][-]{section.7.2}{\376\377\000I\000l\000\040\000m\000e\000t\000o\000d\000o\000\040\000K\000o\000m\000p\000a\000t\000s\000c\000h\000e\000r\000:\000\040\000n\000a\000t\000o\000\040\000d\000a\000l\000\040\000c\000a\000m\000m\000i\000n\000a\000r\000e\000,\000\040\000n\000o\000n\000\040\000d\000a\000l\000\040\000c\000a\000l\000c\000o\000l\000a\000r\000e}{chapter.7}% 155
\BOOKMARK [1][-]{section.7.3}{\376\377\000L\000e\000\040\000p\000r\000o\000s\000p\000e\000z\000i\000o\000n\000i\000\040\000s\000i\000s\000t\000e\000m\000a\000t\000i\000c\000h\000e\000\040\000n\000e\000l\000l\000e\000\040\000A\000l\000p\000i\000:\000\040\000t\000r\000e\000\040\000c\000a\000s\000i\000\040\000d\000i\000\040\000r\000i\000f\000e\000r\000i\000m\000e\000n\000t\000o}{chapter.7}% 156
\BOOKMARK [1][-]{section.7.4}{\376\377\000I\000l\000\040\000P\000a\000l\000e\000o\000l\000i\000t\000i\000c\000o\000\040\000s\000u\000p\000e\000r\000i\000o\000r\000e\000:\000\040\000g\000r\000o\000t\000t\000e\000,\000\040\000r\000o\000c\000c\000e\000\040\000e\000\040\000c\000l\000i\000m\000a}{chapter.7}% 157
\BOOKMARK [1][-]{section.7.5}{\376\377\000I\000l\000\040\000M\000e\000s\000o\000l\000i\000t\000i\000c\000o\000:\000\040\000v\000a\000l\000i\000c\000h\000i\000,\000\040\000p\000a\000s\000s\000i\000\040\000e\000\040\000l\000o\000g\000i\000c\000a\000\040\000d\000i\000\040\000K\000o\000m\000p\000a\000t\000s\000c\000h\000e\000r}{chapter.7}% 158
\BOOKMARK [1][-]{section.7.6}{\376\377\000I\000l\000\040\000N\000e\000o\000l\000i\000t\000i\000c\000o\000:\000\040\000c\000o\000p\000p\000e\000l\000l\000e\000,\000\040\000s\000t\000e\000l\000e\000\040\000e\000\040\000p\000i\000a\000n\000o\000r\000i}{chapter.7}% 159
\BOOKMARK [1][-]{section.7.7}{\376\377\000L\000'\000E\000n\000e\000o\000l\000i\000t\000i\000c\000o\000:\000\040\000v\000a\000l\000i\000c\000h\000i\000\040\000c\000o\000m\000e\000\040\000n\000o\000d\000i\000\040\000d\000i\000\040\000s\000c\000a\000m\000b\000i\000o}{chapter.7}% 160
\BOOKMARK [1][-]{section.7.8}{\376\377\000L\000'\000e\000t\000\340\000\040\000d\000e\000l\000\040\000b\000r\000o\000n\000z\000o\000:\000\040\000p\000a\000r\000e\000t\000i\000\040\000v\000e\000r\000t\000i\000c\000a\000l\000i\000\040\000e\000\040\000b\000a\000c\000i\000n\000i\000\040\000v\000i\000s\000i\000v\000i}{chapter.7}% 161
\BOOKMARK [1][-]{section.7.9}{\376\377\000L\000'\000e\000t\000\340\000\040\000d\000e\000l\000\040\000f\000e\000r\000r\000o\000\040\000e\000\040\000i\000l\000\040\000p\000e\000r\000i\000o\000d\000o\000\040\000v\000e\000n\000e\000t\000i\000c\000o\000:\000\040\000c\000o\000n\000t\000i\000n\000u\000i\000t\000\340\000\040\000e\000\040\000a\000g\000g\000i\000u\000n\000t\000e}{chapter.7}% 162
\BOOKMARK [1][-]{section.7.10}{\376\377\000I\000\040\000l\000u\000o\000g\000h\000i\000\040\000p\000e\000r\000s\000i\000s\000t\000e\000n\000t\000i\000:\000\040\000q\000u\000a\000t\000t\000r\000o\000\040\000t\000i\000p\000i\000\040\000d\000i\000\040\000a\000t\000t\000r\000a\000t\000t\000o\000r\000e}{chapter.7}% 163
\BOOKMARK [0][-]{chapter.8}{\376\377\000U\000n\000\040\000b\000i\000l\000a\000n\000c\000i\000o\000\040\000d\000e\000l\000l\000'\000i\000g\000n\000o\000t\000o}{part.3}% 164
\BOOKMARK [1][-]{section.8.1}{\376\377\000C\000o\000m\000e\000\040\000l\000e\000g\000g\000e\000r\000e\000\040\000l\000e\000\040\000d\000u\000e\000\040\000t\000a\000v\000o\000l\000e}{chapter.8}% 165
\BOOKMARK [1][-]{section.8.2}{\376\377\000T\000a\000v\000o\000l\000a\000\040\0001\000:\000\040\000q\000u\000a\000l\000i\000\040\000t\000i\000p\000i\000\040\000d\000i\000\040\000a\000r\000t\000e\000,\000\040\000i\000n\000\040\000q\000u\000a\000l\000e\000\040\000e\000p\000o\000c\000a}{chapter.8}% 166
\BOOKMARK [1][-]{section.8.3}{\376\377\000T\000a\000v\000o\000l\000a\000\040\0002\000:\000\040\000q\000u\000a\000l\000i\000\040\000l\000u\000o\000g\000h\000i\000,\000\040\000q\000u\000a\000l\000i\000\040\000t\000i\000p\000i\000\040\000d\000i\000\040\000a\000r\000t\000e\000,\000\040\000q\000u\000a\000l\000i\000\040\000e\000p\000o\000c\000h\000e}{chapter.8}% 167
\BOOKMARK [1][-]{section.8.4}{\376\377\000C\000o\000s\000a\000\040\000d\000i\000c\000o\000n\000o\000\040\000l\000e\000\040\000t\000a\000v\000o\000l\000e}{chapter.8}% 168
\BOOKMARK [1][-]{section.8.5}{\376\377\000I\000\040\000s\000a\000n\000t\000u\000a\000r\000i\000\040\000a\000l\000p\000i\000n\000i\000:\000\040\000u\000n\000a\000\040\000c\000a\000t\000e\000g\000o\000r\000i\000a\000\040\000m\000a\000n\000c\000a\000n\000t\000e}{chapter.8}% 169
\BOOKMARK [1][-]{section.8.6}{\376\377\000L\000e\000\040\000l\000a\000c\000u\000n\000e\000\040\000o\000s\000s\000e\000r\000v\000a\000t\000i\000v\000e\000\040\000s\000u\000\040\000l\000a\000r\000g\000a\000\040\000s\000c\000a\000l\000a}{chapter.8}% 170
\BOOKMARK [1][-]{section.8.7}{\376\377\000Q\000u\000e\000l\000l\000o\000\040\000c\000h\000e\000\040\000p\000o\000t\000r\000e\000m\000m\000o\000\040\000t\000r\000o\000v\000a\000r\000e}{chapter.8}% 171
\BOOKMARK [1][-]{section.8.8}{\376\377\000C\000o\000n\000c\000l\000u\000s\000i\000o\000n\000i\000\040\000a\000p\000e\000r\000t\000e}{chapter.8}% 172
\BOOKMARK [0][-]{chapter*.3}{\376\377\000R\000e\000p\000e\000r\000t\000o\000r\000i\000o\000\040\000d\000e\000i\000\040\000s\000i\000t\000i\000\040\000p\000r\000e\000i\000s\000t\000o\000r\000i\000c\000i\000\040\000v\000e\000n\000e\000t\000i\000\040\000n\000e\000l\000\040\000c\000a\000t\000a\000l\000o\000g\000o\000\040\000M\000i\000C}{part.3}% 173
\BOOKMARK [1][-]{section.8.9}{\376\377\000P\000a\000l\000e\000o\000l\000i\000t\000i\000c\000o}{chapter*.3}% 174
\BOOKMARK [2][-]{subsection.8.9.1}{\376\377\000A\000l\000t\000o\000p\000i\000a\000n\000o\000\040\000V\000i\000c\000e\000n\000t\000i\000n\000o}{section.8.9}% 175
\BOOKMARK [2][-]{subsection.8.9.2}{\376\377\000C\000o\000l\000l\000i\000\040\000E\000u\000g\000a\000n\000e\000i\000\040\000e\000\040\000B\000e\000r\000i\000c\000i}{section.8.9}% 176
\BOOKMARK [2][-]{subsection.8.9.3}{\376\377\000L\000e\000s\000s\000i\000n\000i\000a}{section.8.9}% 177
\BOOKMARK [2][-]{subsection.8.9.4}{\376\377\000P\000i\000a\000n\000u\000r\000a\000\040\000V\000e\000r\000o\000n\000e\000s\000e\000\040\000e\000\040\000B\000a\000s\000s\000a}{section.8.9}% 178
\BOOKMARK [2][-]{subsection.8.9.5}{\376\377\000P\000i\000a\000n\000u\000r\000a\000\040\000e\000\040\000D\000e\000l\000t\000a}{section.8.9}% 179
\BOOKMARK [2][-]{subsection.8.9.6}{\376\377\000P\000r\000e\000a\000l\000p\000i\000\040\000T\000r\000e\000v\000i\000g\000i\000a\000n\000e\000\040\000e\000\040\000P\000e\000d\000e\000m\000o\000n\000t\000a\000n\000a}{section.8.9}% 180
\BOOKMARK [1][-]{section.8.10}{\376\377\000M\000e\000s\000o\000l\000i\000t\000i\000c\000o}{chapter*.3}% 181
\BOOKMARK [2][-]{subsection.8.10.1}{\376\377\000L\000e\000s\000s\000i\000n\000i\000a}{section.8.10}% 182
\BOOKMARK [2][-]{subsection.8.10.2}{\376\377\000P\000r\000e\000a\000l\000p\000i\000\040\000T\000r\000e\000v\000i\000g\000i\000a\000n\000e\000\040\000e\000\040\000P\000e\000d\000e\000m\000o\000n\000t\000a\000n\000a}{section.8.10}% 183
\BOOKMARK [2][-]{subsection.8.10.3}{\376\377\000P\000r\000e\000a\000l\000p\000i\000\040\000V\000i\000c\000e\000n\000t\000i\000n\000e\000\040\000e\000\040\000P\000i\000c\000c\000o\000l\000e\000\040\000D\000o\000l\000o\000m\000i\000t\000i}{section.8.10}% 184
\BOOKMARK [1][-]{section.8.11}{\376\377\000N\000e\000o\000l\000i\000t\000i\000c\000o}{chapter*.3}% 185
\BOOKMARK [2][-]{subsection.8.11.1}{\376\377\000A\000l\000t\000o\000p\000i\000a\000n\000o\000\040\000V\000i\000c\000e\000n\000t\000i\000n\000o}{section.8.11}% 186
\BOOKMARK [2][-]{subsection.8.11.2}{\376\377\000B\000e\000l\000l\000u\000n\000e\000s\000e\000\040\000e\000\040\000F\000e\000l\000t\000r\000i\000n\000o}{section.8.11}% 187
\BOOKMARK [2][-]{subsection.8.11.3}{\376\377\000C\000a\000d\000o\000r\000e\000\040\000e\000\040\000C\000o\000m\000e\000l\000i\000c\000o}{section.8.11}% 188
\BOOKMARK [2][-]{subsection.8.11.4}{\376\377\000C\000o\000l\000l\000i\000\040\000E\000u\000g\000a\000n\000e\000i\000\040\000e\000\040\000B\000e\000r\000i\000c\000i}{section.8.11}% 189
\BOOKMARK [2][-]{subsection.8.11.5}{\376\377\000L\000a\000g\000o\000\040\000d\000i\000\040\000G\000a\000r\000d\000a\000\040\000e\000\040\000A\000d\000i\000g\000e}{section.8.11}% 190
\BOOKMARK [2][-]{subsection.8.11.6}{\376\377\000L\000e\000s\000s\000i\000n\000i\000a}{section.8.11}% 191
\BOOKMARK [2][-]{subsection.8.11.7}{\376\377\000P\000i\000a\000n\000u\000r\000a\000\040\000V\000e\000r\000o\000n\000e\000s\000e\000\040\000e\000\040\000B\000a\000s\000s\000a}{section.8.11}% 192
\BOOKMARK [2][-]{subsection.8.11.8}{\376\377\000P\000r\000e\000a\000l\000p\000i\000\040\000T\000r\000e\000v\000i\000g\000i\000a\000n\000e\000\040\000e\000\040\000P\000e\000d\000e\000m\000o\000n\000t\000a\000n\000a}{section.8.11}% 193
\BOOKMARK [2][-]{subsection.8.11.9}{\376\377\000P\000r\000e\000a\000l\000p\000i\000\040\000V\000i\000c\000e\000n\000t\000i\000n\000e\000\040\000e\000\040\000P\000i\000c\000c\000o\000l\000e\000\040\000D\000o\000l\000o\000m\000i\000t\000i}{section.8.11}% 194
\BOOKMARK [1][-]{section.8.12}{\376\377\000E\000n\000e\000o\000l\000i\000t\000i\000c\000o}{chapter*.3}% 195
\BOOKMARK [2][-]{subsection.8.12.1}{\376\377\000B\000e\000l\000l\000u\000n\000e\000s\000e\000\040\000e\000\040\000F\000e\000l\000t\000r\000i\000n\000o}{section.8.12}% 196
\BOOKMARK [2][-]{subsection.8.12.2}{\376\377\000C\000a\000d\000o\000r\000e\000\040\000e\000\040\000C\000o\000m\000e\000l\000i\000c\000o}{section.8.12}% 197
\BOOKMARK [2][-]{subsection.8.12.3}{\376\377\000C\000o\000l\000l\000i\000\040\000E\000u\000g\000a\000n\000e\000i\000\040\000e\000\040\000B\000e\000r\000i\000c\000i}{section.8.12}% 198
\BOOKMARK [2][-]{subsection.8.12.4}{\376\377\000L\000a\000g\000o\000\040\000d\000i\000\040\000G\000a\000r\000d\000a\000\040\000e\000\040\000A\000d\000i\000g\000e}{section.8.12}% 199
\BOOKMARK [2][-]{subsection.8.12.5}{\376\377\000L\000e\000s\000s\000i\000n\000i\000a}{section.8.12}% 200
\BOOKMARK [2][-]{subsection.8.12.6}{\376\377\000P\000i\000a\000n\000u\000r\000a\000\040\000V\000e\000r\000o\000n\000e\000s\000e\000\040\000e\000\040\000B\000a\000s\000s\000a}{section.8.12}% 201
\BOOKMARK [2][-]{subsection.8.12.7}{\376\377\000P\000r\000e\000a\000l\000p\000i\000\040\000T\000r\000e\000v\000i\000g\000i\000a\000n\000e\000\040\000e\000\040\000P\000e\000d\000e\000m\000o\000n\000t\000a\000n\000a}{section.8.12}% 202
\BOOKMARK [1][-]{section.8.13}{\376\377\000E\000t\000\340\000\040\000d\000e\000l\000\040\000B\000r\000o\000n\000z\000o}{chapter*.3}% 203
\BOOKMARK [2][-]{subsection.8.13.1}{\376\377\000B\000e\000l\000l\000u\000n\000e\000s\000e\000\040\000e\000\040\000F\000e\000l\000t\000r\000i\000n\000o}{section.8.13}% 204
\BOOKMARK [2][-]{subsection.8.13.2}{\376\377\000C\000a\000d\000o\000r\000e\000\040\000e\000\040\000C\000o\000m\000e\000l\000i\000c\000o}{section.8.13}% 205
\BOOKMARK [2][-]{subsection.8.13.3}{\376\377\000C\000o\000l\000l\000i\000\040\000E\000u\000g\000a\000n\000e\000i\000\040\000e\000\040\000B\000e\000r\000i\000c\000i}{section.8.13}% 206
\BOOKMARK [2][-]{subsection.8.13.4}{\376\377\000L\000a\000g\000o\000\040\000d\000i\000\040\000G\000a\000r\000d\000a\000\040\000e\000\040\000A\000d\000i\000g\000e}{section.8.13}% 207
\BOOKMARK [2][-]{subsection.8.13.5}{\376\377\000L\000e\000s\000s\000i\000n\000i\000a}{section.8.13}% 208
\BOOKMARK [2][-]{subsection.8.13.6}{\376\377\000P\000i\000a\000n\000u\000r\000a\000\040\000V\000e\000r\000o\000n\000e\000s\000e\000\040\000e\000\040\000B\000a\000s\000s\000a}{section.8.13}% 209
\BOOKMARK [2][-]{subsection.8.13.7}{\376\377\000P\000i\000a\000n\000u\000r\000a\000\040\000e\000\040\000D\000e\000l\000t\000a}{section.8.13}% 210
\BOOKMARK [2][-]{subsection.8.13.8}{\376\377\000P\000r\000e\000a\000l\000p\000i\000\040\000T\000r\000e\000v\000i\000g\000i\000a\000n\000e\000\040\000e\000\040\000P\000e\000d\000e\000m\000o\000n\000t\000a\000n\000a}{section.8.13}% 211
\BOOKMARK [1][-]{section.8.14}{\376\377\000E\000t\000\340\000\040\000d\000e\000l\000\040\000F\000e\000r\000r\000o}{chapter*.3}% 212
\BOOKMARK [2][-]{subsection.8.14.1}{\376\377\000B\000e\000l\000l\000u\000n\000e\000s\000e\000\040\000e\000\040\000F\000e\000l\000t\000r\000i\000n\000o}{section.8.14}% 213
\BOOKMARK [2][-]{subsection.8.14.2}{\376\377\000C\000a\000d\000o\000r\000e\000\040\000e\000\040\000C\000o\000m\000e\000l\000i\000c\000o}{section.8.14}% 214
\BOOKMARK [2][-]{subsection.8.14.3}{\376\377\000C\000o\000l\000l\000i\000\040\000E\000u\000g\000a\000n\000e\000i\000\040\000e\000\040\000B\000e\000r\000i\000c\000i}{section.8.14}% 215
\BOOKMARK [2][-]{subsection.8.14.4}{\376\377\000L\000a\000g\000o\000\040\000d\000i\000\040\000G\000a\000r\000d\000a\000\040\000e\000\040\000A\000d\000i\000g\000e}{section.8.14}% 216
\BOOKMARK [2][-]{subsection.8.14.5}{\376\377\000L\000e\000s\000s\000i\000n\000i\000a}{section.8.14}% 217
\BOOKMARK [2][-]{subsection.8.14.6}{\376\377\000P\000i\000a\000n\000u\000r\000a\000\040\000V\000e\000r\000o\000n\000e\000s\000e\000\040\000e\000\040\000B\000a\000s\000s\000a}{section.8.14}% 218
\BOOKMARK [2][-]{subsection.8.14.7}{\376\377\000P\000i\000a\000n\000u\000r\000a\000\040\000e\000\040\000D\000e\000l\000t\000a}{section.8.14}% 219
\BOOKMARK [2][-]{subsection.8.14.8}{\376\377\000P\000r\000e\000a\000l\000p\000i\000\040\000T\000r\000e\000v\000i\000g\000i\000a\000n\000e\000\040\000e\000\040\000P\000e\000d\000e\000m\000o\000n\000t\000a\000n\000a}{section.8.14}% 220
\BOOKMARK [2][-]{subsection.8.14.9}{\376\377\000P\000r\000e\000a\000l\000p\000i\000\040\000V\000i\000c\000e\000n\000t\000i\000n\000e\000\040\000e\000\040\000P\000i\000c\000c\000o\000l\000e\000\040\000D\000o\000l\000o\000m\000i\000t\000i}{section.8.14}% 221
\BOOKMARK [0][-]{chapter*.4}{\376\377\000G\000l\000o\000s\000s\000a\000r\000i\000o}{part.3}% 222
\BOOKMARK [0][-]{chapter*.4}{\376\377\000F\000o\000n\000t\000i}{part.3}% 223
